// Jest Snapshot v1, https://goo.gl/fbAQLP

exports[`Export Should correct serialize / desrialize project 1`] = `
Object {
  "__type": "entity:Project",
  "__value": Object {
    "assets": Array [
      Object {
        "__type": "entity:Asset",
        "__value": Object {
          "fileType": "png",
          "id": "uuid-asset",
          "name": "mock.png",
          "path": "/mocked/mock.png",
        },
      },
    ],
    "compositions": Array [
      Object {
        "__type": "entity:Composition",
        "__value": Object {
          "audioChannels": 2,
          "backgroundColor": Object {
            "__type": "value:ColorRGB",
            "__value": Object {
              "_blue": 0,
              "_green": 0,
              "_red": 0,
            },
          },
          "durationFrames": 100,
          "framerate": 30,
          "height": 100,
          "id": "uuid-composition",
          "layers": Array [
            Object {
              "__type": "entity:Layer",
              "__value": Object {
                "clips": Array [
                  Object {
                    "__type": "entity:Clip",
                    "__value": Object {
                      "durationFrames": 100,
                      "effects": Array [
                        Object {
                          "__type": "entity:Effect",
                          "__value": Object {
                            "expressions": Object {
                              "param": Object {
                                "__type": "value:Expression",
                                "__value": Object {
                                  "code": "1",
                                  "language": "javascript",
                                },
                              },
                            },
                            "id": "uuid-effect",
                            "keyframes": Object {
                              "param": Array [
                                Object {
                                  "__type": "entity:Keyframe",
                                  "__value": Object {
                                    "easeInParam": Array [
                                      1,
                                      1,
                                    ],
                                    "easeOutParam": Array [
                                      0,
                                      0,
                                    ],
                                    "frameOnClip": 0,
                                    "id": "uuid-effect-kf-1",
                                    "value": Object {
                                      "__type": "value:ColorRGB",
                                      "__value": Object {
                                        "_blue": 0,
                                        "_green": 0,
                                        "_red": 0,
                                      },
                                    },
                                  },
                                },
                              ],
                              "param2": Array [
                                Object {
                                  "__type": "entity:Keyframe",
                                  "__value": Object {
                                    "easeInParam": Array [
                                      1,
                                      1,
                                    ],
                                    "easeOutParam": Array [
                                      0,
                                      0,
                                    ],
                                    "frameOnClip": 0,
                                    "id": "uuid-effect-kf-2",
                                    "value": Object {
                                      "__type": "value:AssetPointer",
                                      "__value": Object {
                                        "assetId": "",
                                      },
                                    },
                                  },
                                },
                              ],
                            },
                            "processor": "mock",
                            "referenceName": null,
                          },
                        },
                      ],
                      "expressions": Object {
                        "param": Object {
                          "__type": "value:Expression",
                          "__value": Object {
                            "code": "1",
                            "language": "javascript",
                          },
                        },
                      },
                      "id": "uuid-clip",
                      "keyframes": Object {
                        "param": Array [
                          Object {
                            "__type": "entity:Keyframe",
                            "__value": Object {
                              "easeInParam": Array [
                                1,
                                1,
                              ],
                              "easeOutParam": Array [
                                0,
                                0,
                              ],
                              "frameOnClip": 0,
                              "id": "uuid-clip-kf-1",
                              "value": Object {
                                "__type": "value:ColorRGB",
                                "__value": Object {
                                  "_blue": 0,
                                  "_green": 0,
                                  "_red": 0,
                                },
                              },
                            },
                          },
                        ],
                      },
                      "placedFrame": 0,
                      "renderer": "video",
                    },
                  },
                ],
                "id": "uuid-layer",
                "name": "mocked-layer",
              },
            },
          ],
          "name": "mocked-composition",
          "samplingRate": 48000,
          "width": 100,
        },
      },
    ],
    "formatVersion": "2017091401",
  },
}
`;
